[cell 02 stream stdout]
cuda:0

[cell 04 stream stderr]
/usr/local/lib/python3.11/dist-packages/huggingface_hub/utils/_auth.py:94: UserWarning: 
The secret `HF_TOKEN` does not exist in your Colab secrets.
To authenticate with the Hugging Face Hub, create a token in your settings tab (https://huggingface.co/settings/tokens), set it as secret in your Google Colab and restart your session.
You will be able to reuse this secret in all of your notebooks.
Please note that authentication is recommended but still optional to access public models or datasets.
  warnings.warn(

[cell 04 result]
model_index.json:   0%|          | 0.00/541 [00:00<?, ?B/s]
[cell 04 result]
Fetching 16 files:   0%|          | 0/16 [00:00<?, ?it/s]
[cell 04 stream stderr]
Xet Storage is enabled for this repo, but the 'hf_xet' package is not installed. Falling back to regular HTTP download. For better performance, install the package with: `pip install huggingface_hub[hf_xet]` or `pip install hf_xet`
WARNING:huggingface_hub.file_download:Xet Storage is enabled for this repo, but the 'hf_xet' package is not installed. Falling back to regular HTTP download. For better performance, install the package with: `pip install huggingface_hub[hf_xet]` or `pip install hf_xet`

[cell 04 result]
preprocessor_config.json:   0%|          | 0.00/342 [00:00<?, ?B/s]
[cell 04 result]
merges.txt:   0%|          | 0.00/525k [00:00<?, ?B/s]
[cell 04 result]
config.json:   0%|          | 0.00/4.56k [00:00<?, ?B/s]
[cell 04 stream stderr]
Xet Storage is enabled for this repo, but the 'hf_xet' package is not installed. Falling back to regular HTTP download. For better performance, install the package with: `pip install huggingface_hub[hf_xet]` or `pip install hf_xet`
WARNING:huggingface_hub.file_download:Xet Storage is enabled for this repo, but the 'hf_xet' package is not installed. Falling back to regular HTTP download. For better performance, install the package with: `pip install huggingface_hub[hf_xet]` or `pip install hf_xet`

[cell 04 result]
scheduler_config-checkpoint.json:   0%|          | 0.00/209 [00:00<?, ?B/s]
[cell 04 result]
scheduler_config.json:   0%|          | 0.00/313 [00:00<?, ?B/s]
[cell 04 result]
config.json:   0%|          | 0.00/592 [00:00<?, ?B/s]
[cell 04 result]
model.safetensors:   0%|          | 0.00/1.22G [00:00<?, ?B/s]
[cell 04 result]
model.safetensors:   0%|          | 0.00/492M [00:00<?, ?B/s]
[cell 04 stream stderr]
Xet Storage is enabled for this repo, but the 'hf_xet' package is not installed. Falling back to regular HTTP download. For better performance, install the package with: `pip install huggingface_hub[hf_xet]` or `pip install hf_xet`
WARNING:huggingface_hub.file_download:Xet Storage is enabled for this repo, but the 'hf_xet' package is not installed. Falling back to regular HTTP download. For better performance, install the package with: `pip install huggingface_hub[hf_xet]` or `pip install hf_xet`

[cell 04 result]
tokenizer_config.json:   0%|          | 0.00/806 [00:00<?, ?B/s]
[cell 04 result]
vocab.json:   0%|          | 0.00/1.06M [00:00<?, ?B/s]
[cell 04 result]
config.json:   0%|          | 0.00/551 [00:00<?, ?B/s]
[cell 04 result]
config.json:   0%|          | 0.00/743 [00:00<?, ?B/s]
[cell 04 result]
diffusion_pytorch_model.safetensors:   0%|          | 0.00/3.44G [00:00<?, ?B/s]
[cell 04 stream stderr]
Xet Storage is enabled for this repo, but the 'hf_xet' package is not installed. Falling back to regular HTTP download. For better performance, install the package with: `pip install huggingface_hub[hf_xet]` or `pip install hf_xet`
WARNING:huggingface_hub.file_download:Xet Storage is enabled for this repo, but the 'hf_xet' package is not installed. Falling back to regular HTTP download. For better performance, install the package with: `pip install huggingface_hub[hf_xet]` or `pip install hf_xet`

[cell 04 result]
diffusion_pytorch_model.safetensors:   0%|          | 0.00/335M [00:00<?, ?B/s]
[cell 04 result]
special_tokens_map.json:   0%|          | 0.00/472 [00:00<?, ?B/s]
[cell 04 result]
Loading pipeline components...:   0%|          | 0/7 [00:00<?, ?it/s]
[cell 15 stream stdout]
torch.Size([1, 8, 16, 16])
torch.Size([1, 3, 256, 256])

[cell 18 stream stdout]
torch.Size([4, 20, 8, 16, 16])
torch.Size([4, 1])
tensor([[0.5188],
        [0.5189],
        [0.5187],
        [0.5188]], grad_fn=<SigmoidBackward0>)

[cell 21 stream stdout]
torch.Size([4, 20, 8, 16, 16])
torch.Size([4, 1])
tensor([[0.5000],
        [0.4996],
        [0.4997],
        [0.4990]], grad_fn=<SigmoidBackward0>)

[cell 23 stream stdout]
torch.Size([1, 256, 128]) torch.Size([1, 8, 256, 256])
